2026-10-09 08:26:09,571 INFO o.a.j.u.JMeterUtils: Setting Locale to en_EN
2026-10-09 08:26:09,611 INFO o.a.j.JMeter: Loading user properties from: C:\Training\PlaywrightTrainings\July_2026\playwright-bdd-framework\step-definitions\load\jmeter\bin\user.properties
2026-10-09 08:26:09,613 INFO o.a.j.JMeter: Loading system properties from: C:\Training\PlaywrightTrainings\July_2026\playwright-bdd-framework\step-definitions\load\jmeter\bin\system.properties
2026-10-09 08:26:09,629 INFO o.a.j.JMeter: Copyright (c) 1998-2024 The Apache Software Foundation
2026-10-09 08:26:09,630 INFO o.a.j.JMeter: Version 5.6.3
2026-10-09 08:26:09,630 INFO o.a.j.JMeter: java.version=25.0.1
2026-10-09 08:26:09,630 INFO o.a.j.JMeter: java.vm.name=Java HotSpot(TM) 64-Bit Server VM
2026-10-09 08:26:09,630 INFO o.a.j.JMeter: os.name=Windows 11
2026-10-09 08:26:09,630 INFO o.a.j.JMeter: os.arch=amd64
2026-10-09 08:26:09,630 INFO o.a.j.JMeter: os.version=10.0
2026-10-09 08:26:09,630 INFO o.a.j.JMeter: file.encoding=UTF-8
2026-10-09 08:26:09,630 INFO o.a.j.JMeter: java.awt.headless=true
2026-10-09 08:26:09,631 INFO o.a.j.JMeter: Max memory     =1073741824
2026-10-09 08:26:09,631 INFO o.a.j.JMeter: Available Processors =8
2026-10-09 08:26:09,671 INFO o.a.j.JMeter: Default Locale=English (EN)
2026-10-09 08:26:09,673 INFO o.a.j.JMeter: JMeter  Locale=English (EN)
2026-10-09 08:26:09,674 INFO o.a.j.JMeter: JMeterHome=C:\Training\PlaywrightTrainings\July_2026\playwright-bdd-framework\step-definitions\load\jmeter
2026-10-09 08:26:09,674 INFO o.a.j.JMeter: user.dir  =C:\Training\PlaywrightTrainings\July_2026\playwright-bdd-framework
2026-10-09 08:26:09,675 INFO o.a.j.JMeter: PWD       =C:\Training\PlaywrightTrainings\July_2026\playwright-bdd-framework
2026-10-09 08:26:09,677 INFO o.a.j.JMeter: IP: 192.168.0.248 Name: BharathReddy FullName: BharathReddy
2026-10-09 08:26:09,706 INFO o.a.j.JMeter: Setting property 'jmeter.reportgenerator.outputdir' to:'C:\Training\PlaywrightTrainings\July_2026\playwright-bdd-framework\step-definitions\load\jmeter\report-output'
2026-10-09 08:26:09,715 INFO o.a.j.r.d.ReportGenerator: ReportGenerator will use for Parsing the separator: ','
2026-10-09 08:26:09,716 INFO o.a.j.r.d.ReportGenerator: Will only generate report from results file: C:\Training\PlaywrightTrainings\July_2026\playwright-bdd-framework/step-definitions/load/jmeter/results/TestResults_1791514544126.csv
2026-10-09 08:26:09,717 INFO o.a.j.r.d.ReportGenerator: Reading report generator properties from: C:\Training\PlaywrightTrainings\July_2026\playwright-bdd-framework\step-definitions\load\jmeter\bin\reportgenerator.properties
2026-10-09 08:26:09,718 INFO o.a.j.r.d.ReportGenerator: Merging with JMeter properties
2026-10-09 08:26:09,727 INFO o.a.j.r.c.ReportGeneratorConfiguration: Property 'jmeter.reportgenerator.temp_dir' not found, using default value 'temp' instead.
2026-10-09 08:26:09,734 INFO o.a.j.r.c.ReportGeneratorConfiguration: Property 'jmeter.reportgenerator.apdex_per_transaction' not found, using default value 'null' instead.
2026-10-09 08:26:09,746 INFO o.a.j.r.c.ReportGeneratorConfiguration: apdex_per_transaction is empty, not APDEX per transaction customization
2026-10-09 08:26:09,747 INFO o.a.j.r.c.ReportGeneratorConfiguration: Property 'jmeter.reportgenerator.sample_filter' not found, using default value 'null' instead.
2026-10-09 08:26:09,747 INFO o.a.j.r.c.ReportGeneratorConfiguration: Property 'jmeter.reportgenerator.report_title' not found, using default value 'null' instead.
2026-10-09 08:26:09,748 INFO o.a.j.r.c.ReportGeneratorConfiguration: Property 'jmeter.reportgenerator.start_date' not found, using default value 'null' instead.
2026-10-09 08:26:09,748 INFO o.a.j.r.c.ReportGeneratorConfiguration: Property 'jmeter.reportgenerator.end_date' not found, using default value 'null' instead.
2026-10-09 08:26:09,748 INFO o.a.j.r.c.ReportGeneratorConfiguration: Property 'jmeter.reportgenerator.date_format' not found, using default value 'null' instead.
2026-10-09 08:26:09,752 INFO o.a.j.r.c.ReportGeneratorConfiguration: Will use date range start date: null, end date: null
2026-10-09 08:26:09,764 INFO o.a.j.r.c.ReportGeneratorConfiguration: Property 'jmeter.reportgenerator.graph.totalTPS.exclude_controllers' not found, using default value 'false' instead.
2026-10-09 08:26:09,764 INFO o.a.j.r.c.ReportGeneratorConfiguration: Property 'jmeter.reportgenerator.graph.activeThreadsOverTime.exclude_controllers' not found, using default value 'false' instead.
2026-10-09 08:26:09,765 INFO o.a.j.r.c.ReportGeneratorConfiguration: Property 'jmeter.reportgenerator.graph.timeVsThreads.exclude_controllers' not found, using default value 'false' instead.
2026-10-09 08:26:09,765 INFO o.a.j.r.c.ReportGeneratorConfiguration: Property 'jmeter.reportgenerator.graph.responseTimeDistribution.exclude_controllers' not found, using default value 'false' instead.
2026-10-09 08:26:09,765 INFO o.a.j.r.c.ReportGeneratorConfiguration: Property 'jmeter.reportgenerator.graph.transactionsPerSecond.exclude_controllers' not found, using default value 'false' instead.
2026-10-09 08:26:09,765 INFO o.a.j.r.c.ReportGeneratorConfiguration: Property 'jmeter.reportgenerator.graph.responseTimePercentiles.exclude_controllers' not found, using default value 'false' instead.
2026-10-09 08:26:09,766 INFO o.a.j.r.c.ReportGeneratorConfiguration: Property 'jmeter.reportgenerator.graph.responseTimePercentilesOverTime.exclude_controllers' not found, using default value 'false' instead.
2026-10-09 08:26:09,766 INFO o.a.j.r.c.ReportGeneratorConfiguration: Property 'jmeter.reportgenerator.graph.responseTimesOverTime.exclude_controllers' not found, using default value 'false' instead.
2026-10-09 08:26:09,767 INFO o.a.j.r.c.ReportGeneratorConfiguration: Property 'jmeter.reportgenerator.graph.connectTimeOverTime.exclude_controllers' not found, using default value 'false' instead.
2026-10-09 08:26:09,769 INFO o.a.j.r.c.ReportGeneratorConfiguration: Property 'jmeter.reportgenerator.graph.latenciesOverTime.exclude_controllers' not found, using default value 'false' instead.
2026-10-09 08:26:09,770 INFO o.a.j.r.c.ReportGeneratorConfiguration: Property 'jmeter.reportgenerator.exporter.json.filters_only_sample_series' not found, using default value 'true' instead.
2026-10-09 08:26:09,770 INFO o.a.j.r.c.ReportGeneratorConfiguration: Property 'jmeter.reportgenerator.exporter.json.series_filter' not found, using default value '' instead.
2026-10-09 08:26:09,772 INFO o.a.j.r.c.ReportGeneratorConfiguration: Property 'jmeter.reportgenerator.exporter.json.show_controllers_only' not found, using default value 'false' instead.
2026-10-09 08:26:09,772 INFO o.a.j.r.c.ReportGeneratorConfiguration: Property 'jmeter.reportgenerator.exporter.html.filters_only_sample_series' not found, using default value 'true' instead.
2026-10-09 08:26:09,773 INFO o.a.j.r.c.ReportGeneratorConfiguration: Property 'jmeter.reportgenerator.exporter.html.series_filter' not found, using default value '' instead.
2026-10-09 08:26:09,773 INFO o.a.j.r.c.ReportGeneratorConfiguration: Property 'jmeter.reportgenerator.exporter.html.show_controllers_only' not found, using default value 'false' instead.
2026-10-09 08:26:10,813 INFO o.a.j.s.SaveService: Testplan (JMX) version: 2.2. Testlog (JTL) version: 2.2
2026-10-09 08:26:10,862 INFO o.a.j.s.SaveService: Using SaveService properties version 5.0
2026-10-09 08:26:10,870 INFO o.a.j.s.SaveService: Using SaveService properties file encoding UTF-8
2026-10-09 08:26:10,933 INFO o.a.j.r.p.NormalizerSampleConsumer: Using format, 'ms', to parse timeStamp field
2026-10-09 08:26:11,478 INFO o.a.j.r.p.AbstractSampleConsumer: class org.apache.jmeter.report.processor.AggregateConsumer#stopProducing(): beginDate produced 0 samples
2026-10-09 08:26:11,479 INFO o.a.j.r.p.AbstractSampleConsumer: class org.apache.jmeter.report.processor.AggregateConsumer#stopProducing(): endDate produced 0 samples
2026-10-09 08:26:11,488 INFO o.a.j.r.p.AbstractSampleConsumer: class org.apache.jmeter.report.processor.ApdexSummaryConsumer#stopProducing(): apdexSummary produced 0 samples
2026-10-09 08:26:11,489 INFO o.a.j.r.p.AbstractSampleConsumer: class org.apache.jmeter.report.processor.RequestsSummaryConsumer#stopProducing(): requestsSummary produced 0 samples
2026-10-09 08:26:11,525 INFO o.a.j.r.p.AbstractSampleConsumer: class org.apache.jmeter.report.processor.StatisticsSummaryConsumer#stopProducing(): statisticsSummary produced 0 samples
2026-10-09 08:26:11,528 INFO o.a.j.r.p.AbstractSampleConsumer: class org.apache.jmeter.report.processor.Top5ErrorsBySamplerConsumer#stopProducing(): top5ErrorsBySampler produced 0 samples
2026-10-09 08:26:11,529 INFO o.a.j.r.p.AbstractSampleConsumer: class org.apache.jmeter.report.processor.ErrorsSummaryConsumer#stopProducing(): errorsSummary produced 0 samples
2026-10-09 08:26:11,529 INFO o.a.j.r.p.AbstractSampleConsumer: class org.apache.jmeter.report.processor.graph.impl.HitsPerSecondGraphConsumer#stopProducing(): hitsPerSecond produced 0 samples
2026-10-09 08:26:11,727 INFO o.a.j.r.p.AbstractSampleConsumer: class org.apache.jmeter.report.processor.graph.impl.LatencyVSRequestGraphConsumer#stopProducing(): latencyVsRequest produced 0 samples
2026-10-09 08:26:11,736 INFO o.a.j.r.p.AbstractSampleConsumer: class org.apache.jmeter.report.processor.graph.impl.SyntheticResponseTimeDistributionGraphConsumer#stopProducing(): syntheticResponseTimeDistribution produced 0 samples
2026-10-09 08:26:11,744 INFO o.a.j.r.p.AbstractSampleConsumer: class org.apache.jmeter.report.processor.graph.impl.BytesThroughputGraphConsumer#stopProducing(): bytesThroughputOverTime produced 0 samples
2026-10-09 08:26:11,745 INFO o.a.j.r.p.AbstractSampleConsumer: class org.apache.jmeter.report.processor.graph.impl.CodesPerSecondGraphConsumer#stopProducing(): codesPerSecond produced 0 samples
2026-10-09 08:26:11,862 INFO o.a.j.r.p.AbstractSampleConsumer: class org.apache.jmeter.report.processor.graph.impl.ResponseTimeVSRequestGraphConsumer#stopProducing(): responseTimeVsRequest produced 0 samples
2026-10-09 08:26:11,863 INFO o.a.j.r.p.AbstractSampleConsumer: class org.apache.jmeter.report.processor.FilterConsumer#stopProducing(): startIntervalControlerFilter produced 8400 samples
2026-10-09 08:26:11,864 INFO o.a.j.r.p.AbstractSampleConsumer: class org.apache.jmeter.report.processor.graph.impl.TotalTPSGraphConsumer#stopProducing(): totalTPS produced 0 samples
2026-10-09 08:26:11,864 INFO o.a.j.r.p.AbstractSampleConsumer: class org.apache.jmeter.report.processor.graph.impl.ActiveThreadsGraphConsumer#stopProducing(): activeThreadsOverTime produced 0 samples
2026-10-09 08:26:11,865 INFO o.a.j.r.p.AbstractSampleConsumer: class org.apache.jmeter.report.processor.graph.impl.TimeVSThreadGraphConsumer#stopProducing(): timeVsThreads produced 0 samples
2026-10-09 08:26:11,865 INFO o.a.j.r.p.AbstractSampleConsumer: class org.apache.jmeter.report.processor.graph.impl.ResponseTimeDistributionGraphConsumer#stopProducing(): responseTimeDistribution produced 0 samples
2026-10-09 08:26:11,866 INFO o.a.j.r.p.AbstractSampleConsumer: class org.apache.jmeter.report.processor.graph.impl.TransactionsPerSecondGraphConsumer#stopProducing(): transactionsPerSecond produced 0 samples
2026-10-09 08:26:11,866 INFO o.a.j.r.p.AbstractSampleConsumer: class org.apache.jmeter.report.processor.graph.impl.ResponseTimePercentilesGraphConsumer#stopProducing(): responseTimePercentiles produced 0 samples
2026-10-09 08:26:11,872 INFO o.a.j.r.p.AbstractSampleConsumer: class org.apache.jmeter.report.processor.graph.impl.ResponseTimePercentilesOverTimeGraphConsumer#stopProducing(): responseTimePercentilesOverTime produced 0 samples
2026-10-09 08:26:11,883 INFO o.a.j.r.p.AbstractSampleConsumer: class org.apache.jmeter.report.processor.graph.impl.ResponseTimeOverTimeGraphConsumer#stopProducing(): responseTimesOverTime produced 0 samples
2026-10-09 08:26:11,885 INFO o.a.j.r.p.AbstractSampleConsumer: class org.apache.jmeter.report.processor.graph.impl.ConnectTimeOverTimeGraphConsumer#stopProducing(): connectTimeOverTime produced 0 samples
2026-10-09 08:26:11,885 INFO o.a.j.r.p.AbstractSampleConsumer: class org.apache.jmeter.report.processor.graph.impl.LatencyOverTimeGraphConsumer#stopProducing(): latenciesOverTime produced 0 samples
2026-10-09 08:26:11,885 INFO o.a.j.r.p.AbstractSampleConsumer: class org.apache.jmeter.report.processor.FilterConsumer#stopProducing(): nameFilter produced 18000 samples
2026-10-09 08:26:11,886 INFO o.a.j.r.p.AbstractSampleConsumer: class org.apache.jmeter.report.processor.FilterConsumer#stopProducing(): dateRangeFilter produced 3600 samples
2026-10-09 08:26:11,886 INFO o.a.j.r.p.AbstractSampleConsumer: class org.apache.jmeter.report.processor.NormalizerSampleConsumer#stopProducing(): normalizer produced 1200 samples
2026-10-09 08:26:11,887 INFO o.a.j.r.p.CsvFileSampleSource: produce(): 1200 samples produced in 894ms on channel 0
2026-10-09 08:26:11,887 INFO o.a.j.r.d.ReportGenerator: Exporting data using exporter:'json' of className:'org.apache.jmeter.report.dashboard.JsonExporter'
2026-10-09 08:26:12,202 INFO o.a.j.r.d.JsonExporter: Found data for consumer statisticsSummary in context
2026-10-09 08:26:12,203 INFO o.a.j.r.d.JsonExporter: Creating statistics for overall
2026-10-09 08:26:12,204 INFO o.a.j.r.d.JsonExporter: Creating statistics for other transactions
2026-10-09 08:26:12,207 INFO o.a.j.r.d.JsonExporter: Checking output folder
2026-10-09 08:26:12,221 INFO o.a.j.r.d.JsonExporter: Writing statistics JSON to C:\Training\PlaywrightTrainings\July_2026\playwright-bdd-framework\step-definitions\load\jmeter\report-output\statistics.json
2026-10-09 08:26:12,351 INFO o.a.j.r.d.ReportGenerator: Exporting data using exporter:'html' of className:'org.apache.jmeter.report.dashboard.HtmlTemplateExporter'
2026-10-09 08:26:12,359 INFO o.a.j.r.d.HtmlTemplateExporter: Will generate dashboard in folder: C:\Training\PlaywrightTrainings\July_2026\playwright-bdd-framework\step-definitions\load\jmeter\report-output
2026-10-09 08:26:12,803 INFO o.a.j.r.d.HtmlTemplateExporter: Report will be generated in: C:\Training\PlaywrightTrainings\July_2026\playwright-bdd-framework\step-definitions\load\jmeter\report-output, creating folder structure
2026-10-09 08:26:12,811 INFO o.a.j.r.d.TemplateVisitor: Copying folder from 'C:\Training\PlaywrightTrainings\July_2026\playwright-bdd-framework\step-definitions\load\jmeter\bin\report-template' to 'C:\Training\PlaywrightTrainings\July_2026\playwright-bdd-framework\step-definitions\load\jmeter\report-output', got message: C:\Training\PlaywrightTrainings\July_2026\playwright-bdd-framework\step-definitions\load\jmeter\report-output, found non empty folder with following content [C:\Training\PlaywrightTrainings\July_2026\playwright-bdd-framework\step-definitions\load\jmeter\report-output\statistics.json], will be ignored
